Archive member included to satisfy reference by file (symbol)

c:/st/stm32cubeide_1.11.0/stm32cubeide/plugins/com.st.stm32cube.ide.mcu.externaltools.gnu-tools-for-stm32.10.3-2021.10.win32_1.0.100.202210260954/tools/bin/../lib/gcc/arm-none-eabi/10.3.1/../../../../arm-none-eabi/lib/thumb/v7-m/nofp\libc_nano.a(lib_a-errno.o)
                              ./Src/syscalls.o (__errno)
c:/st/stm32cubeide_1.11.0/stm32cubeide/plugins/com.st.stm32cube.ide.mcu.externaltools.gnu-tools-for-stm32.10.3-2021.10.win32_1.0.100.202210260954/tools/bin/../lib/gcc/arm-none-eabi/10.3.1/../../../../arm-none-eabi/lib/thumb/v7-m/nofp\libc_nano.a(lib_a-exit.o)
                              c:/st/stm32cubeide_1.11.0/stm32cubeide/plugins/com.st.stm32cube.ide.mcu.externaltools.gnu-tools-for-stm32.10.3-2021.10.win32_1.0.100.202210260954/tools/bin/../lib/gcc/arm-none-eabi/10.3.1/../../../../arm-none-eabi/lib/thumb/v7-m/nofp/crt0.o (exit)
c:/st/stm32cubeide_1.11.0/stm32cubeide/plugins/com.st.stm32cube.ide.mcu.externaltools.gnu-tools-for-stm32.10.3-2021.10.win32_1.0.100.202210260954/tools/bin/../lib/gcc/arm-none-eabi/10.3.1/../../../../arm-none-eabi/lib/thumb/v7-m/nofp\libc_nano.a(lib_a-impure.o)
                              c:/st/stm32cubeide_1.11.0/stm32cubeide/plugins/com.st.stm32cube.ide.mcu.externaltools.gnu-tools-for-stm32.10.3-2021.10.win32_1.0.100.202210260954/tools/bin/../lib/gcc/arm-none-eabi/10.3.1/../../../../arm-none-eabi/lib/thumb/v7-m/nofp\libc_nano.a(lib_a-exit.o) (_global_impure_ptr)
c:/st/stm32cubeide_1.11.0/stm32cubeide/plugins/com.st.stm32cube.ide.mcu.externaltools.gnu-tools-for-stm32.10.3-2021.10.win32_1.0.100.202210260954/tools/bin/../lib/gcc/arm-none-eabi/10.3.1/../../../../arm-none-eabi/lib/thumb/v7-m/nofp\libc_nano.a(lib_a-init.o)
                              c:/st/stm32cubeide_1.11.0/stm32cubeide/plugins/com.st.stm32cube.ide.mcu.externaltools.gnu-tools-for-stm32.10.3-2021.10.win32_1.0.100.202210260954/tools/bin/../lib/gcc/arm-none-eabi/10.3.1/../../../../arm-none-eabi/lib/thumb/v7-m/nofp/crt0.o (__libc_init_array)
c:/st/stm32cubeide_1.11.0/stm32cubeide/plugins/com.st.stm32cube.ide.mcu.externaltools.gnu-tools-for-stm32.10.3-2021.10.win32_1.0.100.202210260954/tools/bin/../lib/gcc/arm-none-eabi/10.3.1/../../../../arm-none-eabi/lib/thumb/v7-m/nofp\libc_nano.a(lib_a-memset.o)
                              c:/st/stm32cubeide_1.11.0/stm32cubeide/plugins/com.st.stm32cube.ide.mcu.externaltools.gnu-tools-for-stm32.10.3-2021.10.win32_1.0.100.202210260954/tools/bin/../lib/gcc/arm-none-eabi/10.3.1/../../../../arm-none-eabi/lib/thumb/v7-m/nofp/crt0.o (memset)

Discarded input sections

 .text          0x0000000000000000        0x0 c:/st/stm32cubeide_1.11.0/stm32cubeide/plugins/com.st.stm32cube.ide.mcu.externaltools.gnu-tools-for-stm32.10.3-2021.10.win32_1.0.100.202210260954/tools/bin/../lib/gcc/arm-none-eabi/10.3.1/thumb/v7-m/nofp/crti.o
 .data          0x0000000000000000        0x0 c:/st/stm32cubeide_1.11.0/stm32cubeide/plugins/com.st.stm32cube.ide.mcu.externaltools.gnu-tools-for-stm32.10.3-2021.10.win32_1.0.100.202210260954/tools/bin/../lib/gcc/arm-none-eabi/10.3.1/thumb/v7-m/nofp/crti.o
 .bss           0x0000000000000000        0x0 c:/st/stm32cubeide_1.11.0/stm32cubeide/plugins/com.st.stm32cube.ide.mcu.externaltools.gnu-tools-for-stm32.10.3-2021.10.win32_1.0.100.202210260954/tools/bin/../lib/gcc/arm-none-eabi/10.3.1/thumb/v7-m/nofp/crti.o
 .data          0x0000000000000000        0x4 c:/st/stm32cubeide_1.11.0/stm32cubeide/plugins/com.st.stm32cube.ide.mcu.externaltools.gnu-tools-for-stm32.10.3-2021.10.win32_1.0.100.202210260954/tools/bin/../lib/gcc/arm-none-eabi/10.3.1/thumb/v7-m/nofp/crtbegin.o
 .rodata        0x0000000000000000       0x24 c:/st/stm32cubeide_1.11.0/stm32cubeide/plugins/com.st.stm32cube.ide.mcu.externaltools.gnu-tools-for-stm32.10.3-2021.10.win32_1.0.100.202210260954/tools/bin/../lib/gcc/arm-none-eabi/10.3.1/thumb/v7-m/nofp/crtbegin.o
 .text          0x0000000000000000       0x7c c:/st/stm32cubeide_1.11.0/stm32cubeide/plugins/com.st.stm32cube.ide.mcu.externaltools.gnu-tools-for-stm32.10.3-2021.10.win32_1.0.100.202210260954/tools/bin/../lib/gcc/arm-none-eabi/10.3.1/../../../../arm-none-eabi/lib/thumb/v7-m/nofp/crt0.o
 .data          0x0000000000000000        0x0 c:/st/stm32cubeide_1.11.0/stm32cubeide/plugins/com.st.stm32cube.ide.mcu.externaltools.gnu-tools-for-stm32.10.3-2021.10.win32_1.0.100.202210260954/tools/bin/../lib/gcc/arm-none-eabi/10.3.1/../../../../arm-none-eabi/lib/thumb/v7-m/nofp/crt0.o
 .bss           0x0000000000000000        0x0 c:/st/stm32cubeide_1.11.0/stm32cubeide/plugins/com.st.stm32cube.ide.mcu.externaltools.gnu-tools-for-stm32.10.3-2021.10.win32_1.0.100.202210260954/tools/bin/../lib/gcc/arm-none-eabi/10.3.1/../../../../arm-none-eabi/lib/thumb/v7-m/nofp/crt0.o
[...]
Memory Configuration

Name             Origin             Length             Attributes
RAM              0x0000000020000000 0x0000000000002800 xrw
ROM              0x0000000008000000 0x0000000000008000 xr
*default*        0x0000000000000000 0xffffffffffffffff

Linker script and memory map

LOAD c:/st/stm32cubeide_1.11.0/stm32cubeide/plugins/com.st.stm32cube.ide.mcu.externaltools.gnu-tools-for-stm32.10.3-2021.10.win32_1.0.100.202210260954/tools/bin/../lib/gcc/arm-none-eabi/10.3.1/thumb/v7-m/nofp/crti.o
LOAD c:/st/stm32cubeide_1.11.0/stm32cubeide/plugins/com.st.stm32cube.ide.mcu.externaltools.gnu-tools-for-stm32.10.3-2021.10.win32_1.0.100.202210260954/tools/bin/../lib/gcc/arm-none-eabi/10.3.1/thumb/v7-m/nofp/crtbegin.o
LOAD c:/st/stm32cubeide_1.11.0/stm32cubeide/plugins/com.st.stm32cube.ide.mcu.externaltools.gnu-tools-for-stm32.10.3-2021.10.win32_1.0.100.202210260954/tools/bin/../lib/gcc/arm-none-eabi/10.3.1/../../../../arm-none-eabi/lib/thumb/v7-m/nofp/crt0.o
LOAD ./AUTOSAR_Implementation_/DoorLock_indication_SWC.o
LOAD ./AUTOSAR_Implementation_/DoorSensorAbstractionSWC.o
LOAD ./AUTOSAR_Implementation_/MCAL/DIO.o
LOAD ./AUTOSAR_Implementation_/RTE_gen/Rte_DoorLock_indication_SWC.o
LOAD ./AUTOSAR_Implementation_/RTE_gen/Rte_DoorSensorAbstractionSWC.o
LOAD ./HAL/I2C_Slave_EEPROM.o
LOAD ./HAL/keypad.o
LOAD ./HAL/lcd.o
LOAD ./Src/main.o
LOAD ./Src/syscalls.o
LOAD ./Src/sysmem.o
LOAD ./Startup/startup_stm32f103c6tx.o
LOAD ./Stm32_F103C6_Drivers/GPIO/stm32f103x8_gpio_driver.o
LOAD ./Stm32_F103C6_Drivers/stm32f103x8_EXTI_driver.o
LOAD ./Stm32_F103C6_Drivers/stm32f103x8_I2C_Drver.o
LOAD ./Stm32_F103C6_Drivers/stm32f103x8_RCC_driver.o
LOAD ./Stm32_F103C6_Drivers/stm32f103x8_SPI_Drver.o
LOAD ./Stm32_F103C6_Drivers/stm32f103x8_USART_driver.o
START GROUP
LOAD c:/st/stm32cubeide_1.11.0/stm32cubeide/plugins/com.st.stm32cube.ide.mcu.externaltools.gnu-tools-for-stm32.10.3-2021.10.win32_1.0.100.202210260954/tools/bin/../lib/gcc/arm-none-eabi/10.3.1/../../../../arm-none-eabi/lib/thumb/v7-m/nofp\libc_nano.a
LOAD c:/st/stm32cubeide_1.11.0/stm32cubeide/plugins/com.st.stm32cube.ide.mcu.externaltools.gnu-tools-for-stm32.10.3-2021.10.win32_1.0.100.202210260954/tools/bin/../lib/gcc/arm-none-eabi/10.3.1/../../../../arm-none-eabi/lib/thumb/v7-m/nofp\libm.a
END GROUP
START GROUP
LOAD c:/st/stm32cubeide_1.11.0/stm32cubeide/plugins/com.st.stm32cube.ide.mcu.externaltools.gnu-tools-for-stm32.10.3-2021.10.win32_1.0.100.202210260954/tools/bin/../lib/gcc/arm-none-eabi/10.3.1/thumb/v7-m/nofp\libgcc.a
LOAD c:/st/stm32cubeide_1.11.0/stm32cubeide/plugins/com.st.stm32cube.ide.mcu.externaltools.gnu-tools-for-stm32.10.3-2021.10.win32_1.0.100.202210260954/tools/bin/../lib/gcc/arm-none-eabi/10.3.1/../../../../arm-none-eabi/lib/thumb/v7-m/nofp\libg_nano.a
LOAD c:/st/stm32cubeide_1.11.0/stm32cubeide/plugins/com.st.stm32cube.ide.mcu.externaltools.gnu-tools-for-stm32.10.3-2021.10.win32_1.0.100.202210260954/tools/bin/../lib/gcc/arm-none-eabi/10.3.1/../../../../arm-none-eabi/lib/thumb/v7-m/nofp\libc_nano.a
END GROUP
START GROUP
LOAD c:/st/stm32cubeide_1.11.0/stm32cubeide/plugins/com.st.stm32cube.ide.mcu.externaltools.gnu-tools-for-stm32.10.3-2021.10.win32_1.0.100.202210260954/tools/bin/../lib/gcc/arm-none-eabi/10.3.1/thumb/v7-m/nofp\libgcc.a
LOAD c:/st/stm32cubeide_1.11.0/stm32cubeide/plugins/com.st.stm32cube.ide.mcu.externaltools.gnu-tools-for-stm32.10.3-2021.10.win32_1.0.100.202210260954/tools/bin/../lib/gcc/arm-none-eabi/10.3.1/../../../../arm-none-eabi/lib/thumb/v7-m/nofp\libc_nano.a
LOAD c:/st/stm32cubeide_1.11.0/stm32cubeide/plugins/com.st.stm32cube.ide.mcu.externaltools.gnu-tools-for-stm32.10.3-2021.10.win32_1.0.100.202210260954/tools/bin/../lib/gcc/arm-none-eabi/10.3.1/../../../../arm-none-eabi/lib/thumb/v7-m/nofp\libnosys.a
END GROUP
START GROUP
LOAD c:/st/stm32cubeide_1.11.0/stm32cubeide/plugins/com.st.stm32cube.ide.mcu.externaltools.gnu-tools-for-stm32.10.3-2021.10.win32_1.0.100.202210260954/tools/bin/../lib/gcc/arm-none-eabi/10.3.1/thumb/v7-m/nofp\libgcc.a
LOAD c:/st/stm32cubeide_1.11.0/stm32cubeide/plugins/com.st.stm32cube.ide.mcu.externaltools.gnu-tools-for-stm32.10.3-2021.10.win32_1.0.100.202210260954/tools/bin/../lib/gcc/arm-none-eabi/10.3.1/../../../../arm-none-eabi/lib/thumb/v7-m/nofp\libc_nano.a
LOAD c:/st/stm32cubeide_1.11.0/stm32cubeide/plugins/com.st.stm32cube.ide.mcu.externaltools.gnu-tools-for-stm32.10.3-2021.10.win32_1.0.100.202210260954/tools/bin/../lib/gcc/arm-none-eabi/10.3.1/../../../../arm-none-eabi/lib/thumb/v7-m/nofp\libnosys.a
END GROUP
LOAD c:/st/stm32cubeide_1.11.0/stm32cubeide/plugins/com.st.stm32cube.ide.mcu.externaltools.gnu-tools-for-stm32.10.3-2021.10.win32_1.0.100.202210260954/tools/bin/../lib/gcc/arm-none-eabi/10.3.1/thumb/v7-m/nofp/crtend.o
LOAD c:/st/stm32cubeide_1.11.0/stm32cubeide/plugins/com.st.stm32cube.ide.mcu.externaltools.gnu-tools-for-stm32.10.3-2021.10.win32_1.0.100.202210260954/tools/bin/../lib/gcc/arm-none-eabi/10.3.1/thumb/v7-m/nofp/crtn.o
                0x0000000020002800                _estack = (ORIGIN (RAM) + LENGTH (RAM))
                0x0000000000000200                _Min_Heap_Size = 0x200
                0x0000000000000400                _Min_Stack_Size = 0x400

.isr_vector     0x0000000008000000      0x130
                0x0000000008000000                . = ALIGN (0x4)
 *(.isr_vector)
 .isr_vector    0x0000000008000000      0x130 ./Startup/startup_stm32f103c6tx.o
                0x0000000008000000                g_pfnVectors
                0x0000000008000130                . = ALIGN (0x4)

.text           0x0000000008000130      0xb20
                0x0000000008000130                . = ALIGN (0x4)
 *(.text)
 .text          0x0000000008000130       0x40 c:/st/stm32cubeide_1.11.0/stm32cubeide/plugins/com.st.stm32cube.ide.mcu.externaltools.gnu-tools-for-stm32.10.3-2021.10.win32_1.0.100.202210260954/tools/bin/../lib/gcc/arm-none-eabi/10.3.1/thumb/v7-m/nofp/crtbegin.o
 *(.text*)
 .text.DoorLock_indication_runnable
                0x0000000008000170       0x2e ./AUTOSAR_Implementation_/DoorLock_indication_SWC.o
                0x0000000008000170                DoorLock_indication_runnable
 .text.ReadDoorSensor_runnable
                0x000000000800019e       0x24 ./AUTOSAR_Implementation_/DoorSensorAbstractionSWC.o
                0x000000000800019e                ReadDoorSensor_runnable
 .text.Led_Switch_runnable
                0x00000000080001c2       0x2e ./AUTOSAR_Implementation_/DoorSensorAbstractionSWC.o
                0x00000000080001c2                Led_Switch_runnable
 .text.Dio_ReadChannel
                0x00000000080001f0       0x24 ./AUTOSAR_Implementation_/MCAL/DIO.o
                0x00000000080001f0                Dio_ReadChannel
 .text.Dio_WriteChannel
                0x0000000008000214       0x2c ./AUTOSAR_Implementation_/MCAL/DIO.o
                0x0000000008000214                Dio_WriteChannel
 .text.Rte_IRead_DoorLock_indication_SWC_DoorLock_indication_RP_SR_DoorState_DoorState
                0x0000000008000240       0x18 ./AUTOSAR_Implementation_/RTE_gen/Rte_DoorLock_indication_SWC.o
                0x0000000008000240                Rte_IRead_DoorLock_indication_SWC_DoorLock_indication_RP_SR_DoorState_DoorState
 .text.Rte_Call_DoorLock_indication_SWC_RP_CS_Led_Switch_Led_Switch
                0x0000000008000258       0x40 ./AUTOSAR_Implementation_/RTE_gen/Rte_DoorLock_indication_SWC.o
                0x0000000008000258                Rte_Call_DoorLock_indication_SWC_RP_CS_Led_Switch_Led_Switch
 .text.Rte_IWrite_DoorSensorAbstractionSWC_ReadDoorSensor_PP_SR_DoorState
                0x0000000008000298       0x20 ./AUTOSAR_Implementation_/RTE_gen/Rte_DoorSensorAbstractionSWC.o
                0x0000000008000298                Rte_IWrite_DoorSensorAbstractionSWC_ReadDoorSensor_PP_SR_DoorState
 .text.wait_cycles
                0x00000000080002b8       0x2c ./Src/main.o
                0x00000000080002b8                wait_cycles
 .text.MCU_init
                0x00000000080002e4       0x4c ./Src/main.o
                0x00000000080002e4                MCU_init
 .text.StartOS  0x0000000008000330       0x3a ./Src/main.o
                0x0000000008000330                StartOS
 .text.main     0x000000000800036a        0xe ./Src/main.o
                0x000000000800036a                main
 .text.Reset_Handler
                0x0000000008000378       0x50 ./Startup/startup_stm32f103c6tx.o
                0x0000000008000378                Reset_Handler
 .text.Default_Handler
                0x00000000080003c8        0x2 ./Startup/startup_stm32f103c6tx.o
                0x00000000080003c8                TIM8_TRG_COM_IRQHandler
                0x00000000080003c8                TIM8_CC_IRQHandler
                0x00000000080003c8                DebugMon_Handler
                0x00000000080003c8                TIM1_CC_IRQHandler
                0x00000000080003c8                HardFault_Handler
                0x00000000080003c8                TIM6_IRQHandler
                0x00000000080003c8                SysTick_Handler
                0x00000000080003c8                PVD_IRQHandler
                0x00000000080003c8                SDIO_IRQHandler
                0x00000000080003c8                PendSV_Handler
                0x00000000080003c8                NMI_Handler
                0x00000000080003c8                USB_HP_CAN_TX_IRQHandler
                0x00000000080003c8                UsageFault_Handler
                0x00000000080003c8                ADC1_2_IRQHandler
                0x00000000080003c8                CAN_SCE_IRQHandler
                0x00000000080003c8                TAMPER_IRQHandler
                0x00000000080003c8                TIM8_UP_IRQHandler
                0x00000000080003c8                DMA2_Channel2_IRQHandler
                0x00000000080003c8                DMA1_Channel4_IRQHandler
                0x00000000080003c8                RTC_IRQHandler
                0x00000000080003c8                DMA1_Channel7_IRQHandler
                0x00000000080003c8                UART5_IRQHandler
                0x00000000080003c8                ADC3_IRQHandler
                0x00000000080003c8                TIM4_IRQHandler
                0x00000000080003c8                CAN_RX1_IRQHandler
                0x00000000080003c8                DMA2_Channel1_IRQHandler
                0x00000000080003c8                DMA1_Channel6_IRQHandler
                0x00000000080003c8                UART4_IRQHandler
                0x00000000080003c8                TIM3_IRQHandler
                0x00000000080003c8                RCC_IRQHandler
                0x00000000080003c8                TIM1_TRG_COM_IRQHandler
                0x00000000080003c8                DMA1_Channel1_IRQHandler
                0x00000000080003c8                Default_Handler
                0x00000000080003c8                TIM7_IRQHandler
                0x00000000080003c8                TIM5_IRQHandler
                0x00000000080003c8                USB_LP_CAN_RX0_IRQHandler
                0x00000000080003c8                MemManage_Handler
                0x00000000080003c8                SVC_Handler
                0x00000000080003c8                DMA1_Channel5_IRQHandler
                0x00000000080003c8                DMA1_Channel3_IRQHandler
                0x00000000080003c8                FSMC_IRQHandler
                0x00000000080003c8                TIM1_UP_IRQHandler
                0x00000000080003c8                WWDG_IRQHandler
                0x00000000080003c8                TIM2_IRQHandler
                0x00000000080003c8                TIM1_BRK_IRQHandler
                0x00000000080003c8                RTCAlarm_IRQHandler
                0x00000000080003c8                DMA2_Channel4_5_IRQHandler
                0x00000000080003c8                DMA1_Channel2_IRQHandler
                0x00000000080003c8                TIM8_BRK_IRQHandler
                0x00000000080003c8                FLASH_IRQHandler
                0x00000000080003c8                BusFault_Handler
                0x00000000080003c8                SPI3_IRQHandler
                0x00000000080003c8                DMA2_Channel3_IRQHandler
 *fill*         0x00000000080003ca        0x2 
 .text.Get_CRLH_Position
                0x00000000080003cc      0x170 ./Stm32_F103C6_Drivers/GPIO/stm32f103x8_gpio_driver.o
                0x00000000080003cc                Get_CRLH_Position
 .text.MCAL_GPIO_Init
                0x000000000800053c      0x154 ./Stm32_F103C6_Drivers/GPIO/stm32f103x8_gpio_driver.o
                0x000000000800053c                MCAL_GPIO_Init
 .text.MCAL_GPIO_ReadPin
                0x0000000008000690       0x2e ./Stm32_F103C6_Drivers/GPIO/stm32f103x8_gpio_driver.o
                0x0000000008000690                MCAL_GPIO_ReadPin
 .text.MCAL_GPIO_WritePin
                0x00000000080006be       0x2e ./Stm32_F103C6_Drivers/GPIO/stm32f103x8_gpio_driver.o
                0x00000000080006be                MCAL_GPIO_WritePin
 .text.EXTI0_IRQHandler
                0x00000000080006ec       0x24 ./Stm32_F103C6_Drivers/stm32f103x8_EXTI_driver.o
                0x00000000080006ec                EXTI0_IRQHandler
 .text.EXTI1_IRQHandler
                0x0000000008000710       0x24 ./Stm32_F103C6_Drivers/stm32f103x8_EXTI_driver.o
                0x0000000008000710                EXTI1_IRQHandler
 .text.EXTI2_IRQHandler
                0x0000000008000734       0x24 ./Stm32_F103C6_Drivers/stm32f103x8_EXTI_driver.o
                0x0000000008000734                EXTI2_IRQHandler
 .text.EXTI3_IRQHandler
                0x0000000008000758       0x24 ./Stm32_F103C6_Drivers/stm32f103x8_EXTI_driver.o
                0x0000000008000758                EXTI3_IRQHandler
 .text.EXTI4_IRQHandler
                0x000000000800077c       0x24 ./Stm32_F103C6_Drivers/stm32f103x8_EXTI_driver.o
                0x000000000800077c                EXTI4_IRQHandler
 .text.EXTI9_5_IRQHandler
                0x00000000080007a0       0xa8 ./Stm32_F103C6_Drivers/stm32f103x8_EXTI_driver.o
                0x00000000080007a0                EXTI9_5_IRQHandler
 .text.EXTI15_10_IRQHandler
                0x0000000008000848       0xc4 ./Stm32_F103C6_Drivers/stm32f103x8_EXTI_driver.o
                0x0000000008000848                EXTI15_10_IRQHandler
 .text.I2C1_ER_IRQHandler
                0x000000000800090c        0xc ./Stm32_F103C6_Drivers/stm32f103x8_I2C_Drver.o
                0x000000000800090c                I2C1_ER_IRQHandler
 .text.I2C1_EV_IRQHandler
                0x0000000008000918       0xec ./Stm32_F103C6_Drivers/stm32f103x8_I2C_Drver.o
                0x0000000008000918                I2C1_EV_IRQHandler
 .text.Slave_States
                0x0000000008000a04       0xe0 ./Stm32_F103C6_Drivers/stm32f103x8_I2C_Drver.o
                0x0000000008000a04                Slave_States
 .text.I2C2_ER_IRQHandler
                0x0000000008000ae4        0xc ./Stm32_F103C6_Drivers/stm32f103x8_I2C_Drver.o
                0x0000000008000ae4                I2C2_ER_IRQHandler
 .text.I2C2_EV_IRQHandler
                0x0000000008000af0        0xc ./Stm32_F103C6_Drivers/stm32f103x8_I2C_Drver.o
                0x0000000008000af0                I2C2_EV_IRQHandler
 .text.SPI1_IRQHandler
                0x0000000008000afc       0x5c ./Stm32_F103C6_Drivers/stm32f103x8_SPI_Drver.o
                0x0000000008000afc                SPI1_IRQHandler
 .text.SPI2_IRQHandler
                0x0000000008000b58       0x5c ./Stm32_F103C6_Drivers/stm32f103x8_SPI_Drver.o
                0x0000000008000b58                SPI2_IRQHandler
 .text.USART1_IRQHandler
                0x0000000008000bb4       0x14 ./Stm32_F103C6_Drivers/stm32f103x8_USART_driver.o
                0x0000000008000bb4                USART1_IRQHandler
 .text.USART2_IRQHandler
                0x0000000008000bc8       0x14 ./Stm32_F103C6_Drivers/stm32f103x8_USART_driver.o
                0x0000000008000bc8                USART2_IRQHandler
 .text.USART3_IRQHandler
                0x0000000008000bdc       0x14 ./Stm32_F103C6_Drivers/stm32f103x8_USART_driver.o
                0x0000000008000bdc                USART3_IRQHandler
 .text.__libc_init_array
                0x0000000008000bf0       0x48 c:/st/stm32cubeide_1.11.0/stm32cubeide/plugins/com.st.stm32cube.ide.mcu.externaltools.gnu-tools-for-stm32.10.3-2021.10.win32_1.0.100.202210260954/tools/bin/../lib/gcc/arm-none-eabi/10.3.1/../../../../arm-none-eabi/lib/thumb/v7-m/nofp\libc_nano.a(lib_a-init.o)
                0x0000000008000bf0                __libc_init_array
 *(.glue_7)
 .glue_7        0x0000000008000c38        0x0 linker stubs
 *(.glue_7t)
 .glue_7t       0x0000000008000c38        0x0 linker stubs
 *(.eh_frame)
 .eh_frame      0x0000000008000c38        0x0 c:/st/stm32cubeide_1.11.0/stm32cubeide/plugins/com.st.stm32cube.ide.mcu.externaltools.gnu-tools-for-stm32.10.3-2021.10.win32_1.0.100.202210260954/tools/bin/../lib/gcc/arm-none-eabi/10.3.1/thumb/v7-m/nofp/crtbegin.o
 *(.init)
 .init          0x0000000008000c38        0x4 c:/st/stm32cubeide_1.11.0/stm32cubeide/plugins/com.st.stm32cube.ide.mcu.externaltools.gnu-tools-for-stm32.10.3-2021.10.win32_1.0.100.202210260954/tools/bin/../lib/gcc/arm-none-eabi/10.3.1/thumb/v7-m/nofp/crti.o
                0x0000000008000c38                _init
 .init          0x0000000008000c3c        0x8 c:/st/stm32cubeide_1.11.0/stm32cubeide/plugins/com.st.stm32cube.ide.mcu.externaltools.gnu-tools-for-stm32.10.3-2021.10.win32_1.0.100.202210260954/tools/bin/../lib/gcc/arm-none-eabi/10.3.1/thumb/v7-m/nofp/crtn.o
 *(.fini)
 .fini          0x0000000008000c44        0x4 c:/st/stm32cubeide_1.11.0/stm32cubeide/plugins/com.st.stm32cube.ide.mcu.externaltools.gnu-tools-for-stm32.10.3-2021.10.win32_1.0.100.202210260954/tools/bin/../lib/gcc/arm-none-eabi/10.3.1/thumb/v7-m/nofp/crti.o
                0x0000000008000c44                _fini
 .fini          0x0000000008000c48        0x8 c:/st/stm32cubeide_1.11.0/stm32cubeide/plugins/com.st.stm32cube.ide.mcu.externaltools.gnu-tools-for-stm32.10.3-2021.10.win32_1.0.100.202210260954/tools/bin/../lib/gcc/arm-none-eabi/10.3.1/thumb/v7-m/nofp/crtn.o
                0x0000000008000c50                . = ALIGN (0x4)
                0x0000000008000c50                _etext = .

.vfp11_veneer   0x0000000008000c50        0x0
 .vfp11_veneer  0x0000000008000c50        0x0 linker stubs

.v4_bx          0x0000000008000c50        0x0
 .v4_bx         0x0000000008000c50        0x0 linker stubs

.iplt           0x0000000008000c50        0x0
 .iplt          0x0000000008000c50        0x0 c:/st/stm32cubeide_1.11.0/stm32cubeide/plugins/com.st.stm32cube.ide.mcu.externaltools.gnu-tools-for-stm32.10.3-2021.10.win32_1.0.100.202210260954/tools/bin/../lib/gcc/arm-none-eabi/10.3.1/thumb/v7-m/nofp/crtbegin.o

.rodata         0x0000000008000c50        0x8
                0x0000000008000c50                . = ALIGN (0x4)
 *(.rodata)
 *(.rodata*)
 .rodata.Rte_Instance_DoorLock_indication_SWC
                0x0000000008000c50        0x4 ./AUTOSAR_Implementation_/RTE_gen/Rte_DoorLock_indication_SWC.o
                0x0000000008000c50                Rte_Instance_DoorLock_indication_SWC
 .rodata.Rte_Instance_DoorSensorAbstractionSWC
                0x0000000008000c54        0x4 ./AUTOSAR_Implementation_/RTE_gen/Rte_DoorSensorAbstractionSWC.o
                0x0000000008000c54                Rte_Instance_DoorSensorAbstractionSWC
                0x0000000008000c58                . = ALIGN (0x4)

.rel.dyn        0x0000000008000c58        0x0
 .rel.iplt      0x0000000008000c58        0x0 c:/st/stm32cubeide_1.11.0/stm32cubeide/plugins/com.st.stm32cube.ide.mcu.externaltools.gnu-tools-for-stm32.10.3-2021.10.win32_1.0.100.202210260954/tools/bin/../lib/gcc/arm-none-eabi/10.3.1/thumb/v7-m/nofp/crtbegin.o

.ARM.extab      0x0000000008000c58        0x0
                0x0000000008000c58                . = ALIGN (0x4)
 *(.ARM.extab* .gnu.linkonce.armextab.*)
                0x0000000008000c58                . = ALIGN (0x4)

.ARM            0x0000000008000c58        0x0
                0x0000000008000c58                . = ALIGN (0x4)
                0x0000000008000c58                __exidx_start = .
 *(.ARM.exidx*)
                0x0000000008000c58                __exidx_end = .
                0x0000000008000c58                . = ALIGN (0x4)

.preinit_array  0x0000000008000c58        0x0
                0x0000000008000c58                . = ALIGN (0x4)
                0x0000000008000c58                PROVIDE (__preinit_array_start = .)
 *(.preinit_array*)
                0x0000000008000c58                PROVIDE (__preinit_array_end = .)
                0x0000000008000c58                . = ALIGN (0x4)

.init_array     0x0000000008000c58        0x4
                0x0000000008000c58                . = ALIGN (0x4)
                0x0000000008000c58                PROVIDE (__init_array_start = .)
 *(SORT_BY_NAME(.init_array.*))
 *(.init_array*)
 .init_array    0x0000000008000c58        0x4 c:/st/stm32cubeide_1.11.0/stm32cubeide/plugins/com.st.stm32cube.ide.mcu.externaltools.gnu-tools-for-stm32.10.3-2021.10.win32_1.0.100.202210260954/tools/bin/../lib/gcc/arm-none-eabi/10.3.1/thumb/v7-m/nofp/crtbegin.o
                0x0000000008000c5c                PROVIDE (__init_array_end = .)
                0x0000000008000c5c                . = ALIGN (0x4)

.fini_array     0x0000000008000c5c        0x4
                0x0000000008000c5c                . = ALIGN (0x4)
                [!provide]                        PROVIDE (__fini_array_start = .)
 *(SORT_BY_NAME(.fini_array.*))
 *(.fini_array*)
 .fini_array    0x0000000008000c5c        0x4 c:/st/stm32cubeide_1.11.0/stm32cubeide/plugins/com.st.stm32cube.ide.mcu.externaltools.gnu-tools-for-stm32.10.3-2021.10.win32_1.0.100.202210260954/tools/bin/../lib/gcc/arm-none-eabi/10.3.1/thumb/v7-m/nofp/crtbegin.o
                [!provide]                        PROVIDE (__fini_array_end = .)
                0x0000000008000c60                . = ALIGN (0x4)
                0x0000000008000c60                _sidata = LOADADDR (.data)

.data           0x0000000020000000        0x0 load address 0x0000000008000c60
                0x0000000020000000                . = ALIGN (0x4)
                0x0000000020000000                _sdata = .
 *(.data)
 *(.data*)
                0x0000000020000000                . = ALIGN (0x4)
                0x0000000020000000                _edata = .

.igot.plt       0x0000000020000000        0x0 load address 0x0000000008000c60
 .igot.plt      0x0000000020000000        0x0 c:/st/stm32cubeide_1.11.0/stm32cubeide/plugins/com.st.stm32cube.ide.mcu.externaltools.gnu-tools-for-stm32.10.3-2021.10.win32_1.0.100.202210260954/tools/bin/../lib/gcc/arm-none-eabi/10.3.1/thumb/v7-m/nofp/crtbegin.o
                0x0000000020000000                . = ALIGN (0x4)

.bss            0x0000000020000000       0xb4 load address 0x0000000008000c60
                0x0000000020000000                _sbss = .
                0x0000000020000000                __bss_start__ = _sbss
 *(.bss)
 .bss           0x0000000020000000       0x1c c:/st/stm32cubeide_1.11.0/stm32cubeide/plugins/com.st.stm32cube.ide.mcu.externaltools.gnu-tools-for-stm32.10.3-2021.10.win32_1.0.100.202210260954/tools/bin/../lib/gcc/arm-none-eabi/10.3.1/thumb/v7-m/nofp/crtbegin.o
 *(.bss*)
 .bss.ReadDoorSensor_PP_SR_DoorState
                0x000000002000001c        0x1 ./AUTOSAR_Implementation_/RTE_gen/Rte_DoorLock_indication_SWC.o
                0x000000002000001c                ReadDoorSensor_PP_SR_DoorState
 .bss.DoorLock_indication_SWC_RP_CS_Led_Switch_Led_Switch_Buffer_retcode
                0x000000002000001d        0x1 ./AUTOSAR_Implementation_/RTE_gen/Rte_DoorLock_indication_SWC.o
                0x000000002000001d                DoorLock_indication_SWC_RP_CS_Led_Switch_Led_Switch_Buffer_retcode
 *fill*         0x000000002000001e        0x2 
 .bss.Rte_Call_DoorLock_indication_SWC_RP_CS_Led_Switch_Led_Switch_Delegate
                0x0000000020000020        0x4 ./AUTOSAR_Implementation_/RTE_gen/Rte_DoorLock_indication_SWC.o
                0x0000000020000020                Rte_Call_DoorLock_indication_SWC_RP_CS_Led_Switch_Led_Switch_Delegate
 .bss.GP_IRQ_CallBack
                0x0000000020000024       0x3c ./Stm32_F103C6_Drivers/stm32f103x8_EXTI_driver.o
                0x0000000020000024                GP_IRQ_CallBack
 .bss.Global_I2C_Config
                0x0000000020000060       0x48 ./Stm32_F103C6_Drivers/stm32f103x8_I2C_Drver.o
                0x0000000020000060                Global_I2C_Config
 .bss.Global_SPI_Config
                0x00000000200000a8        0x8 ./Stm32_F103C6_Drivers/stm32f103x8_SPI_Drver.o
                0x00000000200000a8                Global_SPI_Config
 .bss.Global_UART_Config
                0x00000000200000b0        0x4 ./Stm32_F103C6_Drivers/stm32f103x8_USART_driver.o
                0x00000000200000b0                Global_UART_Config
 *(COMMON)
                0x00000000200000b4                . = ALIGN (0x4)
                0x00000000200000b4                _ebss = .
                0x00000000200000b4                __bss_end__ = _ebss

._user_heap_stack
                0x00000000200000b4      0x604 load address 0x0000000008000c60
                0x00000000200000b8                . = ALIGN (0x8)
 *fill*         0x00000000200000b4        0x4 
                [!provide]                        PROVIDE (end = .)
                0x00000000200000b8                PROVIDE (_end = .)
                0x00000000200002b8                . = (. + _Min_Heap_Size)
 *fill*         0x00000000200000b8      0x200 
                0x00000000200006b8                . = (. + _Min_Stack_Size)
 *fill*         0x00000000200002b8      0x400 
                0x00000000200006b8                . = ALIGN (0x8)

/DISCARD/
 libc.a(*)
 libm.a(*)
 libgcc.a(*)

.ARM.attributes
                0x0000000000000000       0x29
 *(.ARM.attributes)
 .ARM.attributes
                0x0000000000000000       0x1d c:/st/stm32cubeide_1.11.0/stm32cubeide/plugins/com.st.stm32cube.ide.mcu.externaltools.gnu-tools-for-stm32.10.3-2021.10.win32_1.0.100.202210260954/tools/bin/../lib/gcc/arm-none-eabi/10.3.1/thumb/v7-m/nofp/crti.o
 .ARM.attributes
                0x000000000000001d       0x2d c:/st/stm32cubeide_1.11.0/stm32cubeide/plugins/com.st.stm32cube.ide.mcu.externaltools.gnu-tools-for-stm32.10.3-2021.10.win32_1.0.100.202210260954/tools/bin/../lib/gcc/arm-none-eabi/10.3.1/thumb/v7-m/nofp/crtbegin.o
 .ARM.attributes
                0x000000000000004a       0x2d ./AUTOSAR_Implementation_/DoorLock_indication_SWC.o
 .ARM.attributes
                0x0000000000000077       0x2d ./AUTOSAR_Implementation_/DoorSensorAbstractionSWC.o
 .ARM.attributes
                0x00000000000000a4       0x2d ./AUTOSAR_Implementation_/MCAL/DIO.o
 .ARM.attributes
                0x00000000000000d1       0x2d ./AUTOSAR_Implementation_/RTE_gen/Rte_DoorLock_indication_SWC.o
 .ARM.attributes
                0x00000000000000fe       0x2d ./AUTOSAR_Implementation_/RTE_gen/Rte_DoorSensorAbstractionSWC.o
 .ARM.attributes
                0x000000000000012b       0x2d ./Src/main.o
 .ARM.attributes
                0x0000000000000158       0x21 ./Startup/startup_stm32f103c6tx.o
 .ARM.attributes
                0x0000000000000179       0x2d ./Stm32_F103C6_Drivers/GPIO/stm32f103x8_gpio_driver.o
 .ARM.attributes
                0x00000000000001a6       0x2d ./Stm32_F103C6_Drivers/stm32f103x8_EXTI_driver.o
 .ARM.attributes
                0x00000000000001d3       0x2d ./Stm32_F103C6_Drivers/stm32f103x8_I2C_Drver.o
 .ARM.attributes
                0x0000000000000200       0x2d ./Stm32_F103C6_Drivers/stm32f103x8_SPI_Drver.o
 .ARM.attributes
                0x000000000000022d       0x2d ./Stm32_F103C6_Drivers/stm32f103x8_USART_driver.o
 .ARM.attributes
                0x000000000000025a       0x2d c:/st/stm32cubeide_1.11.0/stm32cubeide/plugins/com.st.stm32cube.ide.mcu.externaltools.gnu-tools-for-stm32.10.3-2021.10.win32_1.0.100.202210260954/tools/bin/../lib/gcc/arm-none-eabi/10.3.1/../../../../arm-none-eabi/lib/thumb/v7-m/nofp\libc_nano.a(lib_a-init.o)
 .ARM.attributes
                0x0000000000000287       0x1d c:/st/stm32cubeide_1.11.0/stm32cubeide/plugins/com.st.stm32cube.ide.mcu.externaltools.gnu-tools-for-stm32.10.3-2021.10.win32_1.0.100.202210260954/tools/bin/../lib/gcc/arm-none-eabi/10.3.1/thumb/v7-m/nofp/crtn.o
OUTPUT(DoorLock_AUTOSAR_Project_.elf elf32-littlearm)
LOAD linker stubs
LOAD c:/st/stm32cubeide_1.11.0/stm32cubeide/plugins/com.st.stm32cube.ide.mcu.externaltools.gnu-tools-for-stm32.10.3-2021.10.win32_1.0.100.202210260954/tools/bin/../lib/gcc/arm-none-eabi/10.3.1/../../../../arm-none-eabi/lib/thumb/v7-m/nofp\libc.a
LOAD c:/st/stm32cubeide_1.11.0/stm32cubeide/plugins/com.st.stm32cube.ide.mcu.externaltools.gnu-tools-for-stm32.10.3-2021.10.win32_1.0.100.202210260954/tools/bin/../lib/gcc/arm-none-eabi/10.3.1/../../../../arm-none-eabi/lib/thumb/v7-m/nofp\libm.a
LOAD c:/st/stm32cubeide_1.11.0/stm32cubeide/plugins/com.st.stm32cube.ide.mcu.externaltools.gnu-tools-for-stm32.10.3-2021.10.win32_1.0.100.202210260954/tools/bin/../lib/gcc/arm-none-eabi/10.3.1/thumb/v7-m/nofp\libgcc.a

.debug_info     0x0000000000000000     0x2d71
 .debug_info    0x0000000000000000      0x10f ./AUTOSAR_Implementation_/DoorLock_indication_SWC.o
 .debug_info    0x000000000000010f      0x17d ./AUTOSAR_Implementation_/DoorSensorAbstractionSWC.o
 .debug_info    0x000000000000028c      0x1f4 ./AUTOSAR_Implementation_/MCAL/DIO.o
 .debug_info    0x0000000000000480      0x245 ./AUTOSAR_Implementation_/RTE_gen/Rte_DoorLock_indication_SWC.o
 .debug_info    0x00000000000006c5      0x1a4 ./AUTOSAR_Implementation_/RTE_gen/Rte_DoorSensorAbstractionSWC.o
 .debug_info    0x0000000000000869      0x37f ./Src/main.o
 .debug_info    0x0000000000000be8       0x22 ./Startup/startup_stm32f103c6tx.o
 .debug_info    0x0000000000000c0a      0x4bd ./Stm32_F103C6_Drivers/GPIO/stm32f103x8_gpio_driver.o
 .debug_info    0x00000000000010c7      0x530 ./Stm32_F103C6_Drivers/stm32f103x8_EXTI_driver.o
 .debug_info    0x00000000000015f7      0xb04 ./Stm32_F103C6_Drivers/stm32f103x8_I2C_Drver.o
 .debug_info    0x00000000000020fb      0x6b4 ./Stm32_F103C6_Drivers/stm32f103x8_SPI_Drver.o
 .debug_info    0x00000000000027af      0x5c2 ./Stm32_F103C6_Drivers/stm32f103x8_USART_driver.o

.debug_abbrev   0x0000000000000000      0xed7
 .debug_abbrev  0x0000000000000000       0x9c ./AUTOSAR_Implementation_/DoorLock_indication_SWC.o
 .debug_abbrev  0x000000000000009c       0xcb ./AUTOSAR_Implementation_/DoorSensorAbstractionSWC.o
 .debug_abbrev  0x0000000000000167      0x10c ./AUTOSAR_Implementation_/MCAL/DIO.o
 .debug_abbrev  0x0000000000000273      0x14f ./AUTOSAR_Implementation_/RTE_gen/Rte_DoorLock_indication_SWC.o
 .debug_abbrev  0x00000000000003c2       0xfb ./AUTOSAR_Implementation_/RTE_gen/Rte_DoorSensorAbstractionSWC.o
 .debug_abbrev  0x00000000000004bd      0x15f ./Src/main.o
 .debug_abbrev  0x000000000000061c       0x12 ./Startup/startup_stm32f103c6tx.o
 .debug_abbrev  0x000000000000062e      0x16f ./Stm32_F103C6_Drivers/GPIO/stm32f103x8_gpio_driver.o
 .debug_abbrev  0x000000000000079d      0x180 ./Stm32_F103C6_Drivers/stm32f103x8_EXTI_driver.o
 .debug_abbrev  0x000000000000091d      0x257 ./Stm32_F103C6_Drivers/stm32f103x8_I2C_Drver.o
 .debug_abbrev  0x0000000000000b74      0x1ab ./Stm32_F103C6_Drivers/stm32f103x8_SPI_Drver.o
 .debug_abbrev  0x0000000000000d1f      0x1b8 ./Stm32_F103C6_Drivers/stm32f103x8_USART_driver.o

.debug_loc      0x0000000000000000     0x14f4
 .debug_loc     0x0000000000000000       0x50 ./AUTOSAR_Implementation_/DoorLock_indication_SWC.o
 .debug_loc     0x0000000000000050       0xa0 ./AUTOSAR_Implementation_/DoorSensorAbstractionSWC.o
 .debug_loc     0x00000000000000f0       0xa0 ./AUTOSAR_Implementation_/MCAL/DIO.o
 .debug_loc     0x0000000000000190       0x94 ./AUTOSAR_Implementation_/RTE_gen/Rte_DoorLock_indication_SWC.o
 .debug_loc     0x0000000000000224       0xa0 ./AUTOSAR_Implementation_/RTE_gen/Rte_DoorSensorAbstractionSWC.o
 .debug_loc     0x00000000000002c4      0x110 ./Src/main.o
 .debug_loc     0x00000000000003d4      0x330 ./Stm32_F103C6_Drivers/GPIO/stm32f103x8_gpio_driver.o
 .debug_loc     0x0000000000000704      0x320 ./Stm32_F103C6_Drivers/stm32f103x8_EXTI_driver.o
 .debug_loc     0x0000000000000a24      0x580 ./Stm32_F103C6_Drivers/stm32f103x8_I2C_Drver.o
 .debug_loc     0x0000000000000fa4      0x2bc ./Stm32_F103C6_Drivers/stm32f103x8_SPI_Drver.o
 .debug_loc     0x0000000000001260      0x294 ./Stm32_F103C6_Drivers/stm32f103x8_USART_driver.o

.debug_aranges  0x0000000000000000      0x358
 .debug_aranges
                0x0000000000000000       0x20 ./AUTOSAR_Implementation_/DoorLock_indication_SWC.o
 .debug_aranges
                0x0000000000000020       0x28 ./AUTOSAR_Implementation_/DoorSensorAbstractionSWC.o
 .debug_aranges
                0x0000000000000048       0x28 ./AUTOSAR_Implementation_/MCAL/DIO.o
 .debug_aranges
                0x0000000000000070       0x28 ./AUTOSAR_Implementation_/RTE_gen/Rte_DoorLock_indication_SWC.o
 .debug_aranges
                0x0000000000000098       0x28 ./AUTOSAR_Implementation_/RTE_gen/Rte_DoorSensorAbstractionSWC.o
 .debug_aranges
                0x00000000000000c0       0x38 ./Src/main.o
 .debug_aranges
                0x00000000000000f8       0x28 ./Startup/startup_stm32f103c6tx.o
 .debug_aranges
                0x0000000000000120       0x60 ./Stm32_F103C6_Drivers/GPIO/stm32f103x8_gpio_driver.o
 .debug_aranges
                0x0000000000000180       0x80 ./Stm32_F103C6_Drivers/stm32f103x8_EXTI_driver.o
 .debug_aranges
                0x0000000000000200       0xa0 ./Stm32_F103C6_Drivers/stm32f103x8_I2C_Drver.o
 .debug_aranges
                0x00000000000002a0       0x58 ./Stm32_F103C6_Drivers/stm32f103x8_SPI_Drver.o
 .debug_aranges
                0x00000000000002f8       0x60 ./Stm32_F103C6_Drivers/stm32f103x8_USART_driver.o

.debug_ranges   0x0000000000000000      0x2a0
 .debug_ranges  0x0000000000000000       0x10 ./AUTOSAR_Implementation_/DoorLock_indication_SWC.o
 .debug_ranges  0x0000000000000010       0x18 ./AUTOSAR_Implementation_/DoorSensorAbstractionSWC.o
 .debug_ranges  0x0000000000000028       0x18 ./AUTOSAR_Implementation_/MCAL/DIO.o
 .debug_ranges  0x0000000000000040       0x18 ./AUTOSAR_Implementation_/RTE_gen/Rte_DoorLock_indication_SWC.o
 .debug_ranges  0x0000000000000058       0x18 ./AUTOSAR_Implementation_/RTE_gen/Rte_DoorSensorAbstractionSWC.o
 .debug_ranges  0x0000000000000070       0x28 ./Src/main.o
 .debug_ranges  0x0000000000000098       0x20 ./Startup/startup_stm32f103c6tx.o
 .debug_ranges  0x00000000000000b8       0x50 ./Stm32_F103C6_Drivers/GPIO/stm32f103x8_gpio_driver.o
 .debug_ranges  0x0000000000000108       0x70 ./Stm32_F103C6_Drivers/stm32f103x8_EXTI_driver.o
 .debug_ranges  0x0000000000000178       0x90 ./Stm32_F103C6_Drivers/stm32f103x8_I2C_Drver.o
 .debug_ranges  0x0000000000000208       0x48 ./Stm32_F103C6_Drivers/stm32f103x8_SPI_Drver.o
 .debug_ranges  0x0000000000000250       0x50 ./Stm32_F103C6_Drivers/stm32f103x8_USART_driver.o

.debug_macro    0x0000000000000000     0x4501
 .debug_macro   0x0000000000000000       0xd7 ./AUTOSAR_Implementation_/DoorLock_indication_SWC.o
 .debug_macro   0x00000000000000d7      0xa72 ./AUTOSAR_Implementation_/DoorLock_indication_SWC.o
 .debug_macro   0x0000000000000b49       0x22 ./AUTOSAR_Implementation_/DoorLock_indication_SWC.o
 .debug_macro   0x0000000000000b6b       0x22 ./AUTOSAR_Implementation_/DoorLock_indication_SWC.o
 .debug_macro   0x0000000000000b8d       0x8e ./AUTOSAR_Implementation_/DoorLock_indication_SWC.o
 .debug_macro   0x0000000000000c1b       0x51 ./AUTOSAR_Implementation_/DoorLock_indication_SWC.o
 .debug_macro   0x0000000000000c6c      0x103 ./AUTOSAR_Implementation_/DoorLock_indication_SWC.o
 .debug_macro   0x0000000000000d6f       0x6a ./AUTOSAR_Implementation_/DoorLock_indication_SWC.o
 .debug_macro   0x0000000000000dd9      0x1df ./AUTOSAR_Implementation_/DoorLock_indication_SWC.o
 .debug_macro   0x0000000000000fb8       0x22 ./AUTOSAR_Implementation_/DoorLock_indication_SWC.o
 .debug_macro   0x0000000000000fda       0x82 ./AUTOSAR_Implementation_/DoorLock_indication_SWC.o
 .debug_macro   0x000000000000105c       0x40 ./AUTOSAR_Implementation_/DoorLock_indication_SWC.o
 .debug_macro   0x000000000000109c       0x10 ./AUTOSAR_Implementation_/DoorLock_indication_SWC.o
 .debug_macro   0x00000000000010ac       0x1c ./AUTOSAR_Implementation_/DoorLock_indication_SWC.o
 .debug_macro   0x00000000000010c8      0x1d5 ./AUTOSAR_Implementation_/DoorSensorAbstractionSWC.o
 .debug_macro   0x000000000000129d       0x10 ./AUTOSAR_Implementation_/DoorSensorAbstractionSWC.o
 .debug_macro   0x00000000000012ad       0x1c ./AUTOSAR_Implementation_/DoorSensorAbstractionSWC.o
 .debug_macro   0x00000000000012c9       0x18 ./AUTOSAR_Implementation_/DoorSensorAbstractionSWC.o
 .debug_macro   0x00000000000012e1       0x52 ./AUTOSAR_Implementation_/DoorSensorAbstractionSWC.o
 .debug_macro   0x0000000000001333       0x3c ./AUTOSAR_Implementation_/DoorSensorAbstractionSWC.o
 .debug_macro   0x000000000000136f       0x34 ./AUTOSAR_Implementation_/DoorSensorAbstractionSWC.o
 .debug_macro   0x00000000000013a3       0x16 ./AUTOSAR_Implementation_/DoorSensorAbstractionSWC.o
 .debug_macro   0x00000000000013b9      0x10e ./AUTOSAR_Implementation_/DoorSensorAbstractionSWC.o
 .debug_macro   0x00000000000014c7       0x8d ./AUTOSAR_Implementation_/DoorSensorAbstractionSWC.o
 .debug_macro   0x0000000000001554       0x16 ./AUTOSAR_Implementation_/DoorSensorAbstractionSWC.o
 .debug_macro   0x000000000000156a       0x43 ./AUTOSAR_Implementation_/DoorSensorAbstractionSWC.o
 .debug_macro   0x00000000000015ad       0x34 ./AUTOSAR_Implementation_/DoorSensorAbstractionSWC.o
 .debug_macro   0x00000000000015e1       0x10 ./AUTOSAR_Implementation_/DoorSensorAbstractionSWC.o
 .debug_macro   0x00000000000015f1       0x58 ./AUTOSAR_Implementation_/DoorSensorAbstractionSWC.o
 .debug_macro   0x0000000000001649       0x71 ./AUTOSAR_Implementation_/DoorSensorAbstractionSWC.o
 .debug_macro   0x00000000000016ba       0x1c ./AUTOSAR_Implementation_/DoorSensorAbstractionSWC.o
 .debug_macro   0x00000000000016d6      0x12a ./AUTOSAR_Implementation_/DoorSensorAbstractionSWC.o
 .debug_macro   0x0000000000001800      0x341 ./AUTOSAR_Implementation_/DoorSensorAbstractionSWC.o
 .debug_macro   0x0000000000001b41       0x16 ./AUTOSAR_Implementation_/DoorSensorAbstractionSWC.o
 .debug_macro   0x0000000000001b57       0x29 ./AUTOSAR_Implementation_/DoorSensorAbstractionSWC.o
 .debug_macro   0x0000000000001b80      0x6b8 ./AUTOSAR_Implementation_/DoorSensorAbstractionSWC.o
 .debug_macro   0x0000000000002238       0xd0 ./AUTOSAR_Implementation_/DoorSensorAbstractionSWC.o
 .debug_macro   0x0000000000002308       0x16 ./AUTOSAR_Implementation_/DoorSensorAbstractionSWC.o
 .debug_macro   0x000000000000231e      0x15b ./AUTOSAR_Implementation_/MCAL/DIO.o
 .debug_macro   0x0000000000002479       0x4c ./AUTOSAR_Implementation_/MCAL/DIO.o
 .debug_macro   0x00000000000024c5       0x94 ./AUTOSAR_Implementation_/MCAL/DIO.o
 .debug_macro   0x0000000000002559       0x57 ./AUTOSAR_Implementation_/MCAL/DIO.o
 .debug_macro   0x00000000000025b0      0x198 ./AUTOSAR_Implementation_/RTE_gen/Rte_DoorLock_indication_SWC.o
 .debug_macro   0x0000000000002748      0x174 ./AUTOSAR_Implementation_/RTE_gen/Rte_DoorLock_indication_SWC.o
 .debug_macro   0x00000000000028bc       0x10 ./AUTOSAR_Implementation_/RTE_gen/Rte_DoorLock_indication_SWC.o
 .debug_macro   0x00000000000028cc       0x35 ./AUTOSAR_Implementation_/RTE_gen/Rte_DoorLock_indication_SWC.o
 .debug_macro   0x0000000000002901       0x20 ./AUTOSAR_Implementation_/RTE_gen/Rte_DoorLock_indication_SWC.o
 .debug_macro   0x0000000000002921       0x7c ./AUTOSAR_Implementation_/RTE_gen/Rte_DoorLock_indication_SWC.o
 .debug_macro   0x000000000000299d      0x198 ./AUTOSAR_Implementation_/RTE_gen/Rte_DoorSensorAbstractionSWC.o
 .debug_macro   0x0000000000002b35      0x275 ./Src/main.o
 .debug_macro   0x0000000000002daa       0x1c ./Src/main.o
 .debug_macro   0x0000000000002dc6       0x10 ./Src/main.o
 .debug_macro   0x0000000000002dd6       0x10 ./Src/main.o
 .debug_macro   0x0000000000002de6       0x1c ./Src/main.o
 .debug_macro   0x0000000000002e02       0x52 ./Src/main.o
 .debug_macro   0x0000000000002e54       0x22 ./Src/main.o
 .debug_macro   0x0000000000002e76       0x10 ./Src/main.o
 .debug_macro   0x0000000000002e86       0x52 ./Src/main.o
 .debug_macro   0x0000000000002ed8       0xd5 ./Src/main.o
 .debug_macro   0x0000000000002fad       0x1c ./Src/main.o
 .debug_macro   0x0000000000002fc9       0x3d ./Src/main.o
 .debug_macro   0x0000000000003006       0x16 ./Src/main.o
 .debug_macro   0x000000000000301c      0x145 ./Src/main.o
 .debug_macro   0x0000000000003161      0x6be ./Src/main.o
 .debug_macro   0x000000000000381f       0xa0 ./Src/main.o
 .debug_macro   0x00000000000038bf       0x40 ./Src/main.o
 .debug_macro   0x00000000000038ff      0x228 ./Src/main.o
 .debug_macro   0x0000000000003b27       0xe8 ./Src/main.o
 .debug_macro   0x0000000000003c0f       0xcb ./Src/main.o
 .debug_macro   0x0000000000003cda       0x67 ./Src/main.o
 .debug_macro   0x0000000000003d41       0x10 ./Src/main.o
 .debug_macro   0x0000000000003d51      0x14c ./Stm32_F103C6_Drivers/GPIO/stm32f103x8_gpio_driver.o
 .debug_macro   0x0000000000003e9d      0x15f ./Stm32_F103C6_Drivers/stm32f103x8_EXTI_driver.o
 .debug_macro   0x0000000000003ffc      0x16a ./Stm32_F103C6_Drivers/stm32f103x8_I2C_Drver.o
 .debug_macro   0x0000000000004166      0x178 ./Stm32_F103C6_Drivers/stm32f103x8_SPI_Drver.o
 .debug_macro   0x00000000000042de       0xc5 ./Stm32_F103C6_Drivers/stm32f103x8_SPI_Drver.o
 .debug_macro   0x00000000000043a3      0x15e ./Stm32_F103C6_Drivers/stm32f103x8_USART_driver.o

.debug_line     0x0000000000000000     0x572a
 .debug_line    0x0000000000000000      0x51a ./AUTOSAR_Implementation_/DoorLock_indication_SWC.o
 .debug_line    0x000000000000051a      0x7f3 ./AUTOSAR_Implementation_/DoorSensorAbstractionSWC.o
 .debug_line    0x0000000000000d0d      0x5d3 ./AUTOSAR_Implementation_/MCAL/DIO.o
 .debug_line    0x00000000000012e0      0x688 ./AUTOSAR_Implementation_/RTE_gen/Rte_DoorLock_indication_SWC.o
 .debug_line    0x0000000000001968      0x67c ./AUTOSAR_Implementation_/RTE_gen/Rte_DoorSensorAbstractionSWC.o
 .debug_line    0x0000000000001fe4      0x80b ./Src/main.o
 .debug_line    0x00000000000027ef       0x84 ./Startup/startup_stm32f103c6tx.o
 .debug_line    0x0000000000002873      0x834 ./Stm32_F103C6_Drivers/GPIO/stm32f103x8_gpio_driver.o
 .debug_line    0x00000000000030a7      0x9e8 ./Stm32_F103C6_Drivers/stm32f103x8_EXTI_driver.o
 .debug_line    0x0000000000003a8f      0xb36 ./Stm32_F103C6_Drivers/stm32f103x8_I2C_Drver.o
 .debug_line    0x00000000000045c5      0x93f ./Stm32_F103C6_Drivers/stm32f103x8_SPI_Drver.o
 .debug_line    0x0000000000004f04      0x826 ./Stm32_F103C6_Drivers/stm32f103x8_USART_driver.o

.debug_str      0x0000000000000000     0xe2b3
 .debug_str     0x0000000000000000     0x4340 ./AUTOSAR_Implementation_/DoorLock_indication_SWC.o
                                       0x44cc (size before relaxing)
 .debug_str     0x0000000000004340     0x5aef ./AUTOSAR_Implementation_/DoorSensorAbstractionSWC.o
                                       0x9e2d (size before relaxing)
 .debug_str     0x0000000000009e2f       0x73 ./AUTOSAR_Implementation_/MCAL/DIO.o
                                       0x9612 (size before relaxing)
 .debug_str     0x0000000000009ea2      0x1ff ./AUTOSAR_Implementation_/RTE_gen/Rte_DoorLock_indication_SWC.o
                                       0x77a4 (size before relaxing)
 .debug_str     0x000000000000a0a1       0xf1 ./AUTOSAR_Implementation_/RTE_gen/Rte_DoorSensorAbstractionSWC.o
                                       0x7678 (size before relaxing)
 .debug_str     0x000000000000a192     0x34eb ./Src/main.o
                                       0xca7b (size before relaxing)
 .debug_str     0x000000000000d67d       0x31 ./Startup/startup_stm32f103c6tx.o
                                         0xaf (size before relaxing)
 .debug_str     0x000000000000d6ae       0xec ./Stm32_F103C6_Drivers/GPIO/stm32f103x8_gpio_driver.o
                                       0x9708 (size before relaxing)
 .debug_str     0x000000000000d79a      0x277 ./Stm32_F103C6_Drivers/stm32f103x8_EXTI_driver.o
                                       0xab69 (size before relaxing)
 .debug_str     0x000000000000da11      0x492 ./Stm32_F103C6_Drivers/stm32f103x8_I2C_Drver.o
                                       0x9d3d (size before relaxing)
 .debug_str     0x000000000000dea3      0x28f ./Stm32_F103C6_Drivers/stm32f103x8_SPI_Drver.o
                                       0x9e37 (size before relaxing)
 .debug_str     0x000000000000e132      0x181 ./Stm32_F103C6_Drivers/stm32f103x8_USART_driver.o
                                       0x9e61 (size before relaxing)

.comment        0x0000000000000000       0x50
 .comment       0x0000000000000000       0x50 ./AUTOSAR_Implementation_/DoorLock_indication_SWC.o
                                         0x51 (size before relaxing)
 .comment       0x0000000000000050       0x51 ./AUTOSAR_Implementation_/DoorSensorAbstractionSWC.o
 .comment       0x0000000000000050       0x51 ./AUTOSAR_Implementation_/MCAL/DIO.o
 .comment       0x0000000000000050       0x51 ./AUTOSAR_Implementation_/RTE_gen/Rte_DoorLock_indication_SWC.o
 .comment       0x0000000000000050       0x51 ./AUTOSAR_Implementation_/RTE_gen/Rte_DoorSensorAbstractionSWC.o
 .comment       0x0000000000000050       0x51 ./Src/main.o
 .comment       0x0000000000000050       0x51 ./Stm32_F103C6_Drivers/GPIO/stm32f103x8_gpio_driver.o
 .comment       0x0000000000000050       0x51 ./Stm32_F103C6_Drivers/stm32f103x8_EXTI_driver.o
 .comment       0x0000000000000050       0x51 ./Stm32_F103C6_Drivers/stm32f103x8_I2C_Drver.o
 .comment       0x0000000000000050       0x51 ./Stm32_F103C6_Drivers/stm32f103x8_SPI_Drver.o
 .comment       0x0000000000000050       0x51 ./Stm32_F103C6_Drivers/stm32f103x8_USART_driver.o

.debug_frame    0x0000000000000000      0xa98
 .debug_frame   0x0000000000000000       0x34 ./AUTOSAR_Implementation_/DoorLock_indication_SWC.o
 .debug_frame   0x0000000000000034       0x58 ./AUTOSAR_Implementation_/DoorSensorAbstractionSWC.o
 .debug_frame   0x000000000000008c       0x58 ./AUTOSAR_Implementation_/MCAL/DIO.o
 .debug_frame   0x00000000000000e4       0x54 ./AUTOSAR_Implementation_/RTE_gen/Rte_DoorLock_indication_SWC.o
 .debug_frame   0x0000000000000138       0x58 ./AUTOSAR_Implementation_/RTE_gen/Rte_DoorSensorAbstractionSWC.o
 .debug_frame   0x0000000000000190       0x98 ./Src/main.o
 .debug_frame   0x0000000000000228      0x178 ./Stm32_F103C6_Drivers/GPIO/stm32f103x8_gpio_driver.o
 .debug_frame   0x00000000000003a0      0x1b0 ./Stm32_F103C6_Drivers/stm32f103x8_EXTI_driver.o
 .debug_frame   0x0000000000000550      0x288 ./Stm32_F103C6_Drivers/stm32f103x8_I2C_Drver.o
 .debug_frame   0x00000000000007d8      0x148 ./Stm32_F103C6_Drivers/stm32f103x8_SPI_Drver.o
 .debug_frame   0x0000000000000920      0x14c ./Stm32_F103C6_Drivers/stm32f103x8_USART_driver.o
 .debug_frame   0x0000000000000a6c       0x2c c:/st/stm32cubeide_1.11.0/stm32cubeide/plugins/com.st.stm32cube.ide.mcu.externaltools.gnu-tools-for-stm32.10.3-2021.10.win32_1.0.100.202210260954/tools/bin/../lib/gcc/arm-none-eabi/10.3.1/../../../../arm-none-eabi/lib/thumb/v7-m/nofp\libc_nano.a(lib_a-init.o)
